2026-10-06 12:17:33 INFO  org.testng.internal.Utils - [TestNG] Running:
  C:\Users\admin\AppData\Local\JetBrains\IntelliJIdea2025.3\temp-testng-customsuite.xml

2026-10-06 12:17:37 INFO  UI.SauceLabsTests.CartTest - Starting Cart Test
2026-10-06 12:17:37 INFO  UI.SauceLabsTests.CartTest - Adding product to cart: Sauce Labs Backpack
2026-10-06 12:17:37 INFO  UI.SauceLabsTests.CartTest - Adding product to cart: Sauce Labs Fleece Jacket
2026-10-06 12:17:37 INFO  UI.SauceLabsTests.CartTest - Adding product to cart: Sauce Labs Onesie
2026-10-06 12:17:39 INFO  UI.SauceLabsTests.CartTest - Payment details: [Item total: $87.97, Total: $95.01]
2026-10-06 12:17:39 INFO  UI.SauceLabsTests.CartTest - Cart Test completed successfully
2026-10-06 12:29:55 INFO  org.testng.internal.Utils - [TestNG] Running:
  C:\Users\admin\AppData\Local\JetBrains\IntelliJIdea2025.3\temp-testng-customsuite.xml

2026-10-06 12:29:59 INFO  UI.SauceLabsTests.CartTest - Starting Cart Test
2026-10-06 12:29:59 INFO  UI.SauceLabsTests.CartTest - Adding product to cart: Sauce Labs Backpack
2026-10-06 12:29:59 INFO  UI.SauceLabsTests.CartTest - Adding product to cart: Sauce Labs Fleece Jacket
2026-10-06 12:29:59 INFO  UI.SauceLabsTests.CartTest - Adding product to cart: Sauce Labs Onesie
2026-10-06 12:30:00 INFO  UI.SauceLabsTests.CartTest - Payment details: [Item total: $87.97, Total: $95.01]
2026-10-06 12:30:00 INFO  UI.SauceLabsTests.CartTest - Cart Test completed successfully
2026-10-06 12:35:38 INFO  org.testng.internal.Utils - [TestNG] Running:
  C:\Users\admin\AppData\Local\JetBrains\IntelliJIdea2025.3\temp-testng-customsuite.xml

2026-10-06 12:49:29 INFO  org.testng.internal.Utils - [TestNG] Running:
  C:\Users\admin\AppData\Local\JetBrains\IntelliJIdea2025.3\temp-testng-customsuite.xml

2026-10-06 12:56:05 INFO  org.testng.internal.Utils - [TestNG] Running:
  C:\Users\admin\AppData\Local\JetBrains\IntelliJIdea2025.3\temp-testng-customsuite.xml

2026-10-06 12:56:07 INFO  U.S.listeners.TestListener - Test started: verifyCart
2026-10-06 12:56:07 INFO  UI.SauceLabsTests.CartTest - Starting Cart Test
2026-10-06 12:56:07 INFO  UI.SauceLabsTests.CartTest - Adding product to cart: Sauce Labs Backpack
2026-10-06 12:56:07 INFO  UI.SauceLabsTests.CartTest - Adding product to cart: Sauce Labs Fleece Jacket
2026-10-06 12:56:07 INFO  UI.SauceLabsTests.CartTest - Adding product to cart: Sauce Labs Onesie
2026-10-06 12:56:08 INFO  UI.SauceLabsTests.CartTest - Payment details: [Item total: $87.97, Total: $95.01]
2026-10-06 12:56:08 INFO  UI.SauceLabsTests.CartTest - Cart Test completed successfully
2026-10-06 12:56:08 INFO  U.S.listeners.TestListener - Test passed: verifyCart
2026-10-06 13:02:10 INFO  org.testng.internal.Utils - [TestNG] Running:
  F:\TestNg\src\test\resources\ testng\sauceLabs.xml

2026-10-06 13:02:12 INFO  U.S.listeners.TestListener - Test started: verifyCart
2026-10-06 13:02:12 INFO  UI.SauceLabsTests.CartTest - Starting Cart Test
2026-10-06 13:02:13 INFO  UI.SauceLabsTests.CartTest - Adding product to cart: Sauce Labs Backpack
2026-10-06 13:02:13 INFO  UI.SauceLabsTests.CartTest - Adding product to cart: Sauce Labs Fleece Jacket
2026-10-06 13:02:13 INFO  UI.SauceLabsTests.CartTest - Adding product to cart: Sauce Labs Onesie
2026-10-06 13:02:14 INFO  UI.SauceLabsTests.CartTest - Payment details: [Item total: $87.97, Total: $95.01]
2026-10-06 13:02:14 INFO  UI.SauceLabsTests.CartTest - Cart Test completed successfully
2026-10-06 13:02:14 INFO  U.S.listeners.TestListener - Test passed: verifyCart
2026-10-06 13:04:20 INFO  org.testng.internal.Utils - [TestNG] Running:
  F:\TestNg\src\test\resources\ testng\sauceLabs.xml

2026-10-06 13:04:24 INFO  U.S.listeners.TestListener - Test started: verifyLogin
2026-10-06 13:04:24 INFO  U.S.listeners.TestListener - Test started: verifyCart
2026-10-06 13:04:24 INFO  U.S.listeners.TestListener - Test started: addProductsToCart
2026-10-06 13:04:24 INFO  UI.SauceLabsTests.CartTest - Starting Cart Test
2026-10-06 13:04:24 INFO  U.S.listeners.TestListener - Test passed: verifyLogin
2026-10-06 13:04:24 ERROR U.S.listeners.TestListener - Test failed: verifyCart
org.openqa.selenium.NoSuchElementException: no such element: Unable to locate element: {"method":"xpath","selector":"//span[@class='title']"}
  (Session info: chrome=154.0.8037.98)
For documentation on this error, please visit: https://www.selenium.dev/documentation/webdriver/troubleshooting/errors#nosuchelementexception
Build info: version: '4.49.0', revision: 'bedb24f bedb24f6f703876e7e4c5d506f0d697eb358c720'
System info: os.name: 'Windows 11', os.arch: 'amd64', os.version: '10.0', java.version: '21.0.9'
Driver info: org.openqa.selenium.chrome.ChromeDriver
Command: [4c0c743751c05d4d5545b852d0a0a3a2, findElement {value=//span[@class='title'], using=xpath}]
Capabilities {acceptInsecureCerts: false, browserName: chrome, browserVersion: 154.0.8037.98, chrome: {chromedriverVersion: 154.0.8037.92 (334b65d254cc..., userDataDir: C:\Users\admin\AppData\Loca...}, fedcm:accounts: true, goog:chromeOptions: {debuggerAddress: localhost:57977}, goog:processID: 14248, networkConnectionEnabled: false, pageLoadStrategy: normal, platformName: windows, proxy: Proxy(), se:cdp: ws://localhost:57977/devtoo..., se:cdpVersion: 154.0.8037.98, setWindowRect: true, strictFileInteractability: false, timeouts: {implicit: 0, pageLoad: 300000, script: 30000}, unhandledPromptBehavior: dismiss and notify, webauthn:extension:cmtgKey: true, webauthn:extension:credBlob: true, webauthn:extension:largeBlob: true, webauthn:extension:minPinLength: true, webauthn:extension:prf: true, webauthn:virtualAuthenticators: true}
Session ID: 4c0c743751c05d4d5545b852d0a0a3a2
	at org.openqa.selenium.remote.ErrorCodec.decode(ErrorCodec.java:169)
	at org.openqa.selenium.remote.codec.w3c.W3CHttpResponseCodec.decode(W3CHttpResponseCodec.java:143)
	at org.openqa.selenium.remote.codec.w3c.W3CHttpResponseCodec.decode(W3CHttpResponseCodec.java:50)
	at org.openqa.selenium.remote.HttpCommandExecutor.execute(HttpCommandExecutor.java:196)
	at org.openqa.selenium.remote.service.DriverCommandExecutor.invokeExecute(DriverCommandExecutor.java:217)
	at org.openqa.selenium.remote.service.DriverCommandExecutor.execute(DriverCommandExecutor.java:175)
	at org.openqa.selenium.remote.RemoteWebDriver.execute(RemoteWebDriver.java:653)
	at org.openqa.selenium.remote.ElementLocation$ElementFinder$2.findElement(ElementLocation.java:173)
	at org.openqa.selenium.remote.ElementLocation.findElement(ElementLocation.java:60)
	at org.openqa.selenium.remote.RemoteWebDriver.findElement(RemoteWebDriver.java:417)
	at org.openqa.selenium.remote.RemoteWebDriver.findElement(RemoteWebDriver.java:411)
	at UI.sauceLabsPages.ProductPage.getTitle(ProductPage.java:26)
	at UI.SauceLabsTests.CartTest.verifyCart(CartTest.java:70)
	at java.base/jdk.internal.reflect.DirectMethodHandleAccessor.invoke(DirectMethodHandleAccessor.java:103)
	at java.base/java.lang.reflect.Method.invoke(Method.java:580)
	at org.testng.internal.invokers.MethodInvocationHelper.invokeMethod(MethodInvocationHelper.java:141)
	at org.testng.internal.invokers.TestInvoker.invokeMethod(TestInvoker.java:697)
	at org.testng.internal.invokers.TestInvoker.invokeTestMethod(TestInvoker.java:230)
	at org.testng.internal.invokers.MethodRunner.runInSequence(MethodRunner.java:63)
	at org.testng.internal.invokers.TestInvoker$MethodInvocationAgent.invoke(TestInvoker.java:1005)
	at org.testng.internal.invokers.TestInvoker.invokeTestMethods(TestInvoker.java:203)
	at org.testng.internal.invokers.TestMethodWorker.invokeTestMethods(TestMethodWorker.java:154)
	at org.testng.internal.invokers.TestMethodWorker.run(TestMethodWorker.java:134)
	at java.base/java.util.concurrent.Executors$RunnableAdapter.call(Executors.java:572)
	at java.base/java.util.concurrent.FutureTask.run$$$capture(FutureTask.java:317)
	at java.base/java.util.concurrent.FutureTask.run(FutureTask.java)
	at org.testng.internal.thread.graph.TestNGFutureTask.run(TestNGFutureTask.java:22)
	at java.base/java.util.concurrent.ThreadPoolExecutor.runWorker(ThreadPoolExecutor.java:1144)
	at java.base/java.util.concurrent.ThreadPoolExecutor$Worker.run(ThreadPoolExecutor.java:642)
	at java.base/java.lang.Thread.run(Thread.java:1583)
2026-10-06 13:04:24 ERROR U.S.listeners.TestListener - Test failed: addProductsToCart
org.openqa.selenium.NoSuchElementException: no such element: Unable to locate element: {"method":"xpath","selector":"//div[@class='inventory_item'][.//div[normalize-space(@class)='inventory_item_name' and text()='Sauce Labs Backpack']]//button[text()='Add to cart']"}
  (Session info: chrome=154.0.8037.98)
For documentation on this error, please visit: https://www.selenium.dev/documentation/webdriver/troubleshooting/errors#nosuchelementexception
Build info: version: '4.49.0', revision: 'bedb24f bedb24f6f703876e7e4c5d506f0d697eb358c720'
System info: os.name: 'Windows 11', os.arch: 'amd64', os.version: '10.0', java.version: '21.0.9'
Driver info: org.openqa.selenium.chrome.ChromeDriver
Command: [696bf4415cdd1196e9f8fa829edf2ecf, findElement {value=//div[@class='inventory_item'][.//div[normalize-space(@class)='inventory_item_name' and text()='Sauce Labs Backpack']]//button[text()='Add to cart'], using=xpath}]
Capabilities {acceptInsecureCerts: false, browserName: chrome, browserVersion: 154.0.8037.98, chrome: {chromedriverVersion: 154.0.8037.92 (334b65d254cc..., userDataDir: C:\Users\admin\AppData\Loca...}, fedcm:accounts: true, goog:chromeOptions: {debuggerAddress: localhost:57976}, goog:processID: 16428, networkConnectionEnabled: false, pageLoadStrategy: normal, platformName: windows, proxy: Proxy(), se:cdp: ws://localhost:57976/devtoo..., se:cdpVersion: 154.0.8037.98, setWindowRect: true, strictFileInteractability: false, timeouts: {implicit: 0, pageLoad: 300000, script: 30000}, unhandledPromptBehavior: dismiss and notify, webauthn:extension:cmtgKey: true, webauthn:extension:credBlob: true, webauthn:extension:largeBlob: true, webauthn:extension:minPinLength: true, webauthn:extension:prf: true, webauthn:virtualAuthenticators: true}
Session ID: 696bf4415cdd1196e9f8fa829edf2ecf
	at org.openqa.selenium.remote.ErrorCodec.decode(ErrorCodec.java:169)
	at org.openqa.selenium.remote.codec.w3c.W3CHttpResponseCodec.decode(W3CHttpResponseCodec.java:143)
	at org.openqa.selenium.remote.codec.w3c.W3CHttpResponseCodec.decode(W3CHttpResponseCodec.java:50)
	at org.openqa.selenium.remote.HttpCommandExecutor.execute(HttpCommandExecutor.java:196)
	at org.openqa.selenium.remote.service.DriverCommandExecutor.invokeExecute(DriverCommandExecutor.java:217)
	at org.openqa.selenium.remote.service.DriverCommandExecutor.execute(DriverCommandExecutor.java:175)
	at org.openqa.selenium.remote.RemoteWebDriver.execute(RemoteWebDriver.java:653)
	at org.openqa.selenium.remote.ElementLocation$ElementFinder$2.findElement(ElementLocation.java:173)
	at org.openqa.selenium.remote.ElementLocation.findElement(ElementLocation.java:60)
	at org.openqa.selenium.remote.RemoteWebDriver.findElement(RemoteWebDriver.java:417)
	at org.openqa.selenium.remote.RemoteWebDriver.findElement(RemoteWebDriver.java:411)
	at UI.sauceLabsPages.ProductPage.addToCart(ProductPage.java:72)
	at UI.SauceLabsTests.ProductTest.addProductsToCart(ProductTest.java:56)
	at java.base/jdk.internal.reflect.DirectMethodHandleAccessor.invoke(DirectMethodHandleAccessor.java:103)
	at java.base/java.lang.reflect.Method.invoke(Method.java:580)
	at org.testng.internal.invokers.MethodInvocationHelper.invokeMethod(MethodInvocationHelper.java:141)
	at org.testng.internal.invokers.TestInvoker.invokeMethod(TestInvoker.java:697)
	at org.testng.internal.invokers.TestInvoker.invokeTestMethod(TestInvoker.java:230)
	at org.testng.internal.invokers.MethodRunner.runInSequence(MethodRunner.java:63)
	at org.testng.internal.invokers.TestInvoker$MethodInvocationAgent.invoke(TestInvoker.java:1005)
	at org.testng.internal.invokers.TestInvoker.invokeTestMethods(TestInvoker.java:203)
	at org.testng.internal.invokers.TestMethodWorker.invokeTestMethods(TestMethodWorker.java:154)
	at org.testng.internal.invokers.TestMethodWorker.run(TestMethodWorker.java:134)
	at java.base/java.util.concurrent.Executors$RunnableAdapter.call(Executors.java:572)
	at java.base/java.util.concurrent.FutureTask.run$$$capture(FutureTask.java:317)
	at java.base/java.util.concurrent.FutureTask.run(FutureTask.java)
	at org.testng.internal.thread.graph.TestNGFutureTask.run(TestNGFutureTask.java:22)
	at java.base/java.util.concurrent.ThreadPoolExecutor.runWorker(ThreadPoolExecutor.java:1144)
	at java.base/java.util.concurrent.ThreadPoolExecutor$Worker.run(ThreadPoolExecutor.java:642)
	at java.base/java.lang.Thread.run(Thread.java:1583)
2026-10-06 13:04:25 ERROR U.S.listeners.TestListener - Failed to save screenshot
java.nio.file.NoSuchFileException: C:\Users\admin\AppData\Local\Temp\screenshot16657486917428872880.png -> screenshots\addProductsToCart.png
	at java.base/sun.nio.fs.WindowsException.translateToIOException(WindowsException.java:85)
	at java.base/sun.nio.fs.WindowsException.rethrowAsIOException(WindowsException.java:103)
	at java.base/sun.nio.fs.WindowsFileCopy.copy(WindowsFileCopy.java:220)
	at java.base/sun.nio.fs.WindowsFileSystemProvider.copy(WindowsFileSystemProvider.java:282)
	at java.base/java.nio.file.Files.copy(Files.java:1304)
	at UI.SauceLabsTests.listeners.TestListener.onTestFailure(TestListener.java:40)
	at org.testng.internal.TestListenerHelper.runTestListeners(TestListenerHelper.java:115)
	at org.testng.internal.invokers.TestInvoker.runTestResultListener(TestInvoker.java:296)
	at org.testng.internal.invokers.TestInvoker.invokeMethod(TestInvoker.java:787)
	at org.testng.internal.invokers.TestInvoker.invokeTestMethod(TestInvoker.java:230)
	at org.testng.internal.invokers.MethodRunner.runInSequence(MethodRunner.java:63)
	at org.testng.internal.invokers.TestInvoker$MethodInvocationAgent.invoke(TestInvoker.java:1005)
	at org.testng.internal.invokers.TestInvoker.invokeTestMethods(TestInvoker.java:203)
	at org.testng.internal.invokers.TestMethodWorker.invokeTestMethods(TestMethodWorker.java:154)
	at org.testng.internal.invokers.TestMethodWorker.run(TestMethodWorker.java:134)
	at java.base/java.util.concurrent.Executors$RunnableAdapter.call(Executors.java:572)
	at java.base/java.util.concurrent.FutureTask.run$$$capture(FutureTask.java:317)
	at java.base/java.util.concurrent.FutureTask.run(FutureTask.java)
	at org.testng.internal.thread.graph.TestNGFutureTask.run(TestNGFutureTask.java:22)
	at java.base/java.util.concurrent.ThreadPoolExecutor.runWorker(ThreadPoolExecutor.java:1144)
	at java.base/java.util.concurrent.ThreadPoolExecutor$Worker.run(ThreadPoolExecutor.java:642)
	at java.base/java.lang.Thread.run(Thread.java:1583)
2026-10-06 13:04:25 ERROR U.S.listeners.TestListener - Failed to save screenshot
java.nio.file.NoSuchFileException: C:\Users\admin\AppData\Local\Temp\screenshot17673887258104024381.png -> screenshots\verifyCart.png
	at java.base/sun.nio.fs.WindowsException.translateToIOException(WindowsException.java:85)
	at java.base/sun.nio.fs.WindowsException.rethrowAsIOException(WindowsException.java:103)
	at java.base/sun.nio.fs.WindowsFileCopy.copy(WindowsFileCopy.java:220)
	at java.base/sun.nio.fs.WindowsFileSystemProvider.copy(WindowsFileSystemProvider.java:282)
	at java.base/java.nio.file.Files.copy(Files.java:1304)
	at UI.SauceLabsTests.listeners.TestListener.onTestFailure(TestListener.java:40)
	at org.testng.internal.TestListenerHelper.runTestListeners(TestListenerHelper.java:115)
	at org.testng.internal.invokers.TestInvoker.runTestResultListener(TestInvoker.java:296)
	at org.testng.internal.invokers.TestInvoker.invokeMethod(TestInvoker.java:787)
	at org.testng.internal.invokers.TestInvoker.invokeTestMethod(TestInvoker.java:230)
	at org.testng.internal.invokers.MethodRunner.runInSequence(MethodRunner.java:63)
	at org.testng.internal.invokers.TestInvoker$MethodInvocationAgent.invoke(TestInvoker.java:1005)
	at org.testng.internal.invokers.TestInvoker.invokeTestMethods(TestInvoker.java:203)
	at org.testng.internal.invokers.TestMethodWorker.invokeTestMethods(TestMethodWorker.java:154)
	at org.testng.internal.invokers.TestMethodWorker.run(TestMethodWorker.java:134)
	at java.base/java.util.concurrent.Executors$RunnableAdapter.call(Executors.java:572)
	at java.base/java.util.concurrent.FutureTask.run$$$capture(FutureTask.java:317)
	at java.base/java.util.concurrent.FutureTask.run(FutureTask.java)
	at org.testng.internal.thread.graph.TestNGFutureTask.run(TestNGFutureTask.java:22)
	at java.base/java.util.concurrent.ThreadPoolExecutor.runWorker(ThreadPoolExecutor.java:1144)
	at java.base/java.util.concurrent.ThreadPoolExecutor$Worker.run(ThreadPoolExecutor.java:642)
	at java.base/java.lang.Thread.run(Thread.java:1583)
2026-10-06 13:04:28 INFO  U.S.listeners.TestListener - Test started: verifyProducts
2026-10-06 13:04:28 ERROR U.S.listeners.TestListener - Test failed: verifyProducts
org.openqa.selenium.NoSuchElementException: no such element: Unable to locate element: {"method":"xpath","selector":"//span[@class='title']"}
  (Session info: chrome=154.0.8037.98)
For documentation on this error, please visit: https://www.selenium.dev/documentation/webdriver/troubleshooting/errors#nosuchelementexception
Build info: version: '4.49.0', revision: 'bedb24f bedb24f6f703876e7e4c5d506f0d697eb358c720'
System info: os.name: 'Windows 11', os.arch: 'amd64', os.version: '10.0', java.version: '21.0.9'
Driver info: org.openqa.selenium.chrome.ChromeDriver
Command: [64d762b3a9412c25eb6cb66851905494, findElement {value=//span[@class='title'], using=xpath}]
Capabilities {acceptInsecureCerts: false, browserName: chrome, browserVersion: 154.0.8037.98, chrome: {chromedriverVersion: 154.0.8037.92 (334b65d254cc..., userDataDir: C:\Users\admin\AppData\Loca...}, fedcm:accounts: true, goog:chromeOptions: {debuggerAddress: localhost:60832}, goog:processID: 19220, networkConnectionEnabled: false, pageLoadStrategy: normal, platformName: windows, proxy: Proxy(), se:cdp: ws://localhost:60832/devtoo..., se:cdpVersion: 154.0.8037.98, setWindowRect: true, strictFileInteractability: false, timeouts: {implicit: 0, pageLoad: 300000, script: 30000}, unhandledPromptBehavior: dismiss and notify, webauthn:extension:cmtgKey: true, webauthn:extension:credBlob: true, webauthn:extension:largeBlob: true, webauthn:extension:minPinLength: true, webauthn:extension:prf: true, webauthn:virtualAuthenticators: true}
Session ID: 64d762b3a9412c25eb6cb66851905494
	at org.openqa.selenium.remote.ErrorCodec.decode(ErrorCodec.java:169)
	at org.openqa.selenium.remote.codec.w3c.W3CHttpResponseCodec.decode(W3CHttpResponseCodec.java:143)
	at org.openqa.selenium.remote.codec.w3c.W3CHttpResponseCodec.decode(W3CHttpResponseCodec.java:50)
	at org.openqa.selenium.remote.HttpCommandExecutor.execute(HttpCommandExecutor.java:196)
	at org.openqa.selenium.remote.service.DriverCommandExecutor.invokeExecute(DriverCommandExecutor.java:217)
	at org.openqa.selenium.remote.service.DriverCommandExecutor.execute(DriverCommandExecutor.java:175)
	at org.openqa.selenium.remote.RemoteWebDriver.execute(RemoteWebDriver.java:653)
	at org.openqa.selenium.remote.ElementLocation$ElementFinder$2.findElement(ElementLocation.java:173)
	at org.openqa.selenium.remote.ElementLocation.findElement(ElementLocation.java:60)
	at org.openqa.selenium.remote.RemoteWebDriver.findElement(RemoteWebDriver.java:417)
	at org.openqa.selenium.remote.RemoteWebDriver.findElement(RemoteWebDriver.java:411)
	at UI.sauceLabsPages.ProductPage.getTitle(ProductPage.java:26)
	at UI.SauceLabsTests.ProductTest.verifyProducts(ProductTest.java:41)
	at java.base/jdk.internal.reflect.DirectMethodHandleAccessor.invoke(DirectMethodHandleAccessor.java:103)
	at java.base/java.lang.reflect.Method.invoke(Method.java:580)
	at org.testng.internal.invokers.MethodInvocationHelper.invokeMethod(MethodInvocationHelper.java:141)
	at org.testng.internal.invokers.TestInvoker.invokeMethod(TestInvoker.java:697)
	at org.testng.internal.invokers.TestInvoker.invokeTestMethod(TestInvoker.java:230)
	at org.testng.internal.invokers.MethodRunner.runInSequence(MethodRunner.java:63)
	at org.testng.internal.invokers.TestInvoker$MethodInvocationAgent.invoke(TestInvoker.java:1005)
	at org.testng.internal.invokers.TestInvoker.invokeTestMethods(TestInvoker.java:203)
	at org.testng.internal.invokers.TestMethodWorker.invokeTestMethods(TestMethodWorker.java:154)
	at org.testng.internal.invokers.TestMethodWorker.run(TestMethodWorker.java:134)
	at java.base/java.util.concurrent.Executors$RunnableAdapter.call(Executors.java:572)
	at java.base/java.util.concurrent.FutureTask.run$$$capture(FutureTask.java:317)
	at java.base/java.util.concurrent.FutureTask.run(FutureTask.java)
	at org.testng.internal.thread.graph.TestNGFutureTask.run(TestNGFutureTask.java:22)
	at java.base/java.util.concurrent.ThreadPoolExecutor.runWorker(ThreadPoolExecutor.java:1144)
	at java.base/java.util.concurrent.ThreadPoolExecutor$Worker.run(ThreadPoolExecutor.java:642)
	at java.base/java.lang.Thread.run(Thread.java:1583)
2026-10-06 13:04:29 ERROR U.S.listeners.TestListener - Failed to save screenshot
java.nio.file.NoSuchFileException: C:\Users\admin\AppData\Local\Temp\screenshot138594590331786182.png -> screenshots\verifyProducts.png
	at java.base/sun.nio.fs.WindowsException.translateToIOException(WindowsException.java:85)
	at java.base/sun.nio.fs.WindowsException.rethrowAsIOException(WindowsException.java:103)
	at java.base/sun.nio.fs.WindowsFileCopy.copy(WindowsFileCopy.java:220)
	at java.base/sun.nio.fs.WindowsFileSystemProvider.copy(WindowsFileSystemProvider.java:282)
	at java.base/java.nio.file.Files.copy(Files.java:1304)
	at UI.SauceLabsTests.listeners.TestListener.onTestFailure(TestListener.java:40)
	at org.testng.internal.TestListenerHelper.runTestListeners(TestListenerHelper.java:115)
	at org.testng.internal.invokers.TestInvoker.runTestResultListener(TestInvoker.java:296)
	at org.testng.internal.invokers.TestInvoker.invokeMethod(TestInvoker.java:787)
	at org.testng.internal.invokers.TestInvoker.invokeTestMethod(TestInvoker.java:230)
	at org.testng.internal.invokers.MethodRunner.runInSequence(MethodRunner.java:63)
	at org.testng.internal.invokers.TestInvoker$MethodInvocationAgent.invoke(TestInvoker.java:1005)
	at org.testng.internal.invokers.TestInvoker.invokeTestMethods(TestInvoker.java:203)
	at org.testng.internal.invokers.TestMethodWorker.invokeTestMethods(TestMethodWorker.java:154)
	at org.testng.internal.invokers.TestMethodWorker.run(TestMethodWorker.java:134)
	at java.base/java.util.concurrent.Executors$RunnableAdapter.call(Executors.java:572)
	at java.base/java.util.concurrent.FutureTask.run$$$capture(FutureTask.java:317)
	at java.base/java.util.concurrent.FutureTask.run(FutureTask.java)
	at org.testng.internal.thread.graph.TestNGFutureTask.run(TestNGFutureTask.java:22)
	at java.base/java.util.concurrent.ThreadPoolExecutor.runWorker(ThreadPoolExecutor.java:1144)
	at java.base/java.util.concurrent.ThreadPoolExecutor$Worker.run(ThreadPoolExecutor.java:642)
	at java.base/java.lang.Thread.run(Thread.java:1583)
2026-10-06 13:06:04 INFO  org.testng.internal.Utils - [TestNG] Running:
  F:\TestNg\src\test\resources\ testng\sauceLabs.xml

2026-10-06 13:06:06 INFO  U.S.listeners.TestListener - Test started: verifyLogin
2026-10-06 13:06:06 INFO  U.S.listeners.TestListener - Test passed: verifyLogin
2026-10-06 13:06:08 INFO  U.S.listeners.TestListener - Test started: addProductsToCart
2026-10-06 13:06:08 INFO  U.S.listeners.TestListener - Test passed: addProductsToCart
2026-10-06 13:06:11 INFO  U.S.listeners.TestListener - Test started: verifyProducts
2026-10-06 13:06:11 INFO  U.S.listeners.TestListener - Test passed: verifyProducts
2026-10-06 13:06:13 INFO  U.S.listeners.TestListener - Test started: verifyCart
2026-10-06 13:06:13 INFO  UI.SauceLabsTests.CartTest - Starting Cart Test
2026-10-06 13:06:13 INFO  UI.SauceLabsTests.CartTest - Adding product to cart: Sauce Labs Backpack
2026-10-06 13:06:13 INFO  UI.SauceLabsTests.CartTest - Adding product to cart: Sauce Labs Fleece Jacket
2026-10-06 13:06:13 INFO  UI.SauceLabsTests.CartTest - Adding product to cart: Sauce Labs Onesie
2026-10-06 13:06:14 INFO  UI.SauceLabsTests.CartTest - Payment details: [Item total: $87.97, Total: $95.01]
2026-10-06 13:06:14 INFO  UI.SauceLabsTests.CartTest - Cart Test completed successfully
2026-10-06 13:06:14 INFO  U.S.listeners.TestListener - Test passed: verifyCart
2026-10-06 13:20:45 INFO  org.testng.internal.Utils - [TestNG] Running:
  F:\TestNg\src\test\resources\ testng\sauceLabs.xml

2026-10-06 13:20:51 INFO  U.S.listeners.TestListener - Test started: verifyCart
2026-10-06 13:20:51 INFO  UI.SauceLabsTests.CartTest - Starting Cart Test
2026-10-06 13:20:51 INFO  U.S.listeners.TestListener - Test started: addProductsToCart
2026-10-06 13:20:51 INFO  UI.SauceLabsTests.CartTest - Adding product to cart: Sauce Labs Backpack
2026-10-06 13:20:51 INFO  UI.SauceLabsTests.CartTest - Adding product to cart: Sauce Labs Fleece Jacket
2026-10-06 13:20:51 INFO  UI.SauceLabsTests.CartTest - Adding product to cart: Sauce Labs Onesie
2026-10-06 13:20:52 INFO  U.S.listeners.TestListener - Test passed: addProductsToCart
2026-10-06 13:20:54 INFO  UI.SauceLabsTests.CartTest - Payment details: [Item total: $87.97, Total: $95.01]
2026-10-06 13:20:54 INFO  UI.SauceLabsTests.CartTest - Cart Test completed successfully
2026-10-06 13:20:55 INFO  U.S.listeners.TestListener - Test passed: verifyCart
2026-10-06 13:20:56 INFO  U.S.listeners.TestListener - Test started: verifyProducts
2026-10-06 13:20:56 INFO  U.S.listeners.TestListener - Test passed: verifyProducts
2026-10-06 13:21:10 INFO  U.S.listeners.TestListener - Test started: verifyLogin
2026-10-06 13:21:10 INFO  U.S.listeners.TestListener - Test passed: verifyLogin
2026-10-06 14:32:38 INFO  U.S.listeners.TestListener - Test started: searchProduct
2026-10-06 14:32:52 INFO  U.S.listeners.TestListener - Test passed: searchProduct
2026-10-06 14:32:52 INFO  U.S.listeners.TestListener - Test started: handelNewTab
2026-10-06 14:33:00 INFO  U.S.listeners.TestListener - Test passed: handelNewTab
2026-10-06 14:33:00 INFO  U.S.listeners.TestListener - Test started: firstTest
2026-10-06 14:33:00 INFO  U.S.listeners.TestListener - Test passed: firstTest
2026-10-06 14:33:01 INFO  U.S.listeners.TestListener - Test started: SelectClass
2026-10-06 14:33:05 INFO  U.S.listeners.TestListener - Test passed: SelectClass
2026-10-06 14:33:06 INFO  U.S.listeners.TestListener - Test started: openGoogle
2026-10-06 14:33:09 INFO  U.S.listeners.TestListener - Test passed: openGoogle
2026-10-06 14:33:10 INFO  U.S.listeners.TestListener - Test started: verifyWebTable
2026-10-06 14:33:15 ERROR U.S.listeners.TestListener - Test failed: verifyWebTable
org.openqa.selenium.StaleElementReferenceException: stale element reference: stale element not found in the current frame
  (Session info: chrome=154.0.8037.98)
For documentation on this error, please visit: https://www.selenium.dev/documentation/webdriver/troubleshooting/errors#staleelementreferenceexception
Build info: version: '4.49.0', revision: 'bedb24f bedb24f6f703876e7e4c5d506f0d697eb358c720'
System info: os.name: 'Windows 11', os.arch: 'amd64', os.version: '10.0', java.version: '21.0.9'
Driver info: org.openqa.selenium.chrome.ChromeDriver
Command: [ece9ebf244d3d82e2a5d33eda8d322e0, findChildElements {id=f.3DC3C6803C85858A0EC00C565AD37C72.d.863E52ABCC022B6C3E7DEEF89276600D.e.25, using=tag name, value=td}]
Capabilities {acceptInsecureCerts: false, browserName: chrome, browserVersion: 154.0.8037.98, chrome: {chromedriverVersion: 154.0.8037.92 (334b65d254cc..., userDataDir: C:\Users\admin\AppData\Loca...}, fedcm:accounts: true, goog:chromeOptions: {debuggerAddress: localhost:57978}, goog:processID: 2000, networkConnectionEnabled: false, pageLoadStrategy: normal, platformName: windows, proxy: Proxy(), se:cdp: ws://localhost:57978/devtoo..., se:cdpVersion: 154.0.8037.98, setWindowRect: true, strictFileInteractability: false, timeouts: {implicit: 0, pageLoad: 300000, script: 30000}, unhandledPromptBehavior: dismiss and notify, webauthn:extension:cmtgKey: true, webauthn:extension:credBlob: true, webauthn:extension:largeBlob: true, webauthn:extension:minPinLength: true, webauthn:extension:prf: true, webauthn:virtualAuthenticators: true}
Session ID: ece9ebf244d3d82e2a5d33eda8d322e0
	at org.openqa.selenium.remote.ErrorCodec.decode(ErrorCodec.java:169)
	at org.openqa.selenium.remote.codec.w3c.W3CHttpResponseCodec.decode(W3CHttpResponseCodec.java:143)
	at org.openqa.selenium.remote.codec.w3c.W3CHttpResponseCodec.decode(W3CHttpResponseCodec.java:50)
	at org.openqa.selenium.remote.HttpCommandExecutor.execute(HttpCommandExecutor.java:196)
	at org.openqa.selenium.remote.service.DriverCommandExecutor.invokeExecute(DriverCommandExecutor.java:217)
	at org.openqa.selenium.remote.service.DriverCommandExecutor.execute(DriverCommandExecutor.java:175)
	at org.openqa.selenium.remote.RemoteWebDriver.execute(RemoteWebDriver.java:653)
	at org.openqa.selenium.remote.ElementLocation$ElementFinder$2.findElements(ElementLocation.java:190)
	at org.openqa.selenium.remote.ElementLocation.findElements(ElementLocation.java:104)
	at org.openqa.selenium.remote.RemoteWebDriver.findElements(RemoteWebDriver.java:430)
	at org.openqa.selenium.remote.RemoteWebElement.findElements(RemoteWebElement.java:205)
	at UI.jashu.pages.WebTablesPage.ColumnsWiseData(WebTablesPage.java:64)
	at UI.jashu.tests.WebTablesTest.verifyWebTable(WebTablesTest.java:32)
	at java.base/jdk.internal.reflect.DirectMethodHandleAccessor.invoke(DirectMethodHandleAccessor.java:103)
	at java.base/java.lang.reflect.Method.invoke(Method.java:580)
	at org.testng.internal.invokers.MethodInvocationHelper.invokeMethod(MethodInvocationHelper.java:141)
	at org.testng.internal.invokers.TestInvoker.invokeMethod(TestInvoker.java:697)
	at org.testng.internal.invokers.TestInvoker.invokeTestMethod(TestInvoker.java:230)
	at org.testng.internal.invokers.MethodRunner.runInSequence(MethodRunner.java:63)
	at org.testng.internal.invokers.TestInvoker$MethodInvocationAgent.invoke(TestInvoker.java:1005)
	at org.testng.internal.invokers.TestInvoker.invokeTestMethods(TestInvoker.java:203)
	at org.testng.internal.invokers.TestMethodWorker.invokeTestMethods(TestMethodWorker.java:154)
	at org.testng.internal.invokers.TestMethodWorker.run(TestMethodWorker.java:134)
	at java.base/java.util.ArrayList.forEach(ArrayList.java:1596)
	at org.testng.TestRunner.privateRun(TestRunner.java:744)
	at org.testng.TestRunner.run(TestRunner.java:616)
	at org.testng.SuiteRunner.runTest(SuiteRunner.java:421)
	at org.testng.SuiteRunner.runSequentially(SuiteRunner.java:413)
	at org.testng.SuiteRunner.privateRun(SuiteRunner.java:373)
	at org.testng.SuiteRunner.run(SuiteRunner.java:312)
	at org.testng.SuiteRunnerWorker.runSuite(SuiteRunnerWorker.java:52)
	at org.testng.SuiteRunnerWorker.run(SuiteRunnerWorker.java:95)
	at org.testng.TestNG.runSuitesSequentially(TestNG.java:1274)
	at org.testng.TestNG.runSuitesLocally(TestNG.java:1208)
	at org.testng.TestNG.runSuites(TestNG.java:1112)
	at org.testng.TestNG.run(TestNG.java:1079)
	at org.apache.maven.surefire.testng.TestNGExecutor.run(TestNGExecutor.java:155)
	at org.apache.maven.surefire.testng.TestNGDirectoryTestSuite.executeMulti(TestNGDirectoryTestSuite.java:169)
	at org.apache.maven.surefire.testng.TestNGDirectoryTestSuite.execute(TestNGDirectoryTestSuite.java:88)
	at org.apache.maven.surefire.testng.TestNGProvider.invoke(TestNGProvider.java:137)
	at org.apache.maven.surefire.booter.ForkedBooter.runSuitesInProcess(ForkedBooter.java:385)
	at org.apache.maven.surefire.booter.ForkedBooter.execute(ForkedBooter.java:162)
	at org.apache.maven.surefire.booter.ForkedBooter.run(ForkedBooter.java:507)
	at org.apache.maven.surefire.booter.ForkedBooter.main(ForkedBooter.java:495)
2026-10-06 14:33:15 ERROR U.S.listeners.TestListener - Test failed: verifyWebTable
java.lang.ClassCastException: class UI.jashu.tests.WebTablesTest cannot be cast to class UI.SauceLabsTests.BaseTest (UI.jashu.tests.WebTablesTest and UI.SauceLabsTests.BaseTest are in unnamed module of loader 'app')
	at UI.SauceLabsTests.listeners.TestListener.onTestFailure(TestListener.java:35)
	at org.testng.internal.TestListenerHelper.runTestListeners(TestListenerHelper.java:115)
	at org.testng.internal.invokers.TestInvoker.runTestResultListener(TestInvoker.java:296)
	at org.testng.internal.invokers.TestInvoker.invokeMethod(TestInvoker.java:787)
	at org.testng.internal.invokers.TestInvoker.invokeTestMethod(TestInvoker.java:230)
	at org.testng.internal.invokers.MethodRunner.runInSequence(MethodRunner.java:63)
	at org.testng.internal.invokers.TestInvoker$MethodInvocationAgent.invoke(TestInvoker.java:1005)
	at org.testng.internal.invokers.TestInvoker.invokeTestMethods(TestInvoker.java:203)
	at org.testng.internal.invokers.TestMethodWorker.invokeTestMethods(TestMethodWorker.java:154)
	at org.testng.internal.invokers.TestMethodWorker.run(TestMethodWorker.java:134)
	at java.base/java.util.ArrayList.forEach(ArrayList.java:1596)
	at org.testng.TestRunner.privateRun(TestRunner.java:744)
	at org.testng.TestRunner.run(TestRunner.java:616)
	at org.testng.SuiteRunner.runTest(SuiteRunner.java:421)
	at org.testng.SuiteRunner.runSequentially(SuiteRunner.java:413)
	at org.testng.SuiteRunner.privateRun(SuiteRunner.java:373)
	at org.testng.SuiteRunner.run(SuiteRunner.java:312)
	at org.testng.SuiteRunnerWorker.runSuite(SuiteRunnerWorker.java:52)
	at org.testng.SuiteRunnerWorker.run(SuiteRunnerWorker.java:95)
	at org.testng.TestNG.runSuitesSequentially(TestNG.java:1274)
	at org.testng.TestNG.runSuitesLocally(TestNG.java:1208)
	at org.testng.TestNG.runSuites(TestNG.java:1112)
	at org.testng.TestNG.run(TestNG.java:1079)
	at org.apache.maven.surefire.testng.TestNGExecutor.run(TestNGExecutor.java:155)
	at org.apache.maven.surefire.testng.TestNGDirectoryTestSuite.executeMulti(TestNGDirectoryTestSuite.java:169)
	at org.apache.maven.surefire.testng.TestNGDirectoryTestSuite.execute(TestNGDirectoryTestSuite.java:88)
	at org.apache.maven.surefire.testng.TestNGProvider.invoke(TestNGProvider.java:137)
	at org.apache.maven.surefire.booter.ForkedBooter.runSuitesInProcess(ForkedBooter.java:385)
	at org.apache.maven.surefire.booter.ForkedBooter.execute(ForkedBooter.java:162)
	at org.apache.maven.surefire.booter.ForkedBooter.run(ForkedBooter.java:507)
	at org.apache.maven.surefire.booter.ForkedBooter.main(ForkedBooter.java:495)
2026-10-06 14:47:29 INFO  U.S.listeners.TestListener - Test started: verifyCart
2026-10-06 14:47:29 INFO  UI.SauceLabsTests.CartTest - Starting Cart Test
2026-10-06 14:47:29 INFO  UI.SauceLabsTests.CartTest - Adding product to cart: Sauce Labs Backpack
2026-10-06 14:47:29 INFO  UI.SauceLabsTests.CartTest - Adding product to cart: Sauce Labs Fleece Jacket
2026-10-06 14:47:29 INFO  UI.SauceLabsTests.CartTest - Adding product to cart: Sauce Labs Onesie
2026-10-06 14:47:30 INFO  UI.SauceLabsTests.CartTest - Payment details: [Item total: $87.97, Total: $95.01]
2026-10-06 14:47:30 INFO  UI.SauceLabsTests.CartTest - Cart Test completed successfully
2026-10-06 14:47:30 INFO  U.S.listeners.TestListener - Test passed: verifyCart
2026-10-06 14:47:35 INFO  U.S.listeners.TestListener - Test started: verifyLogin
2026-10-06 14:47:35 INFO  U.S.listeners.TestListener - Test passed: verifyLogin
2026-10-06 14:47:36 INFO  U.S.listeners.TestListener - Test started: addProductsToCart
2026-10-06 14:47:37 INFO  U.S.listeners.TestListener - Test passed: addProductsToCart
2026-10-06 14:47:48 INFO  U.S.listeners.TestListener - Test started: verifyProducts
2026-10-06 14:47:48 INFO  U.S.listeners.TestListener - Test passed: verifyProducts
